// Jest Snapshot v1, https://goo.gl/fbAQLP

exports[`Example component it matches the snapshot 1`] = `
Array [
  <p>
     You clicked 
    0
     times 
  </p>,
  <button
    onClick={[Function]}
    type="button"
  >
    Click me
  </button>,
]
`;
